
╔═╗┌┐┌╦═╗┌─┐┌┬┐┌─┐  ╔═╗┌─┐┌┬┐┌─┐  ╔═╗┌─┐┌┐┌  ╔╦╗┌─┐┌─┐┬  
║ ║│││╠╦╝├─┤│││├─┘  ║  │ │ ││├┤───║ ╦├┤ │││   ║ │ ││ ││  
╚═╝┘└┘╩╚═┴ ┴┴ ┴┴    ╚═╝└─┘─┴┘└─┘  ╚═╝└─┘┘└┘   ╩ └─┘└─┘┴─┘

OnRamp [vX.X.X]

Config = 
Script = ValidEntity.yaml
OutDir = 
ExpectNoChanges = False
IsSimulation = False
Parameters = none
Assemblies = none

Scripts:
