{
  "title": "Entity Configuration",
  "$schema": "https://json-schema.org/draft-04/schema#",
  "definitions": {
    "Entity": {
      "type": "object",
      "title": "\u0027Entity\u0027 object.",
      "description": "The \u0060Entity\u0060 object.",
      "properties": {
        "name": {
          "type": "string",
          "title": "The entity name."
        },
        "properties": {
          "type": "array",
          "title": "The \u0060Property\u0060 collection.",
          "items": {
            "$ref": "#/definitions/Property"
          }
        }
      },
      "required": [
        "name"
      ]
    },
    "Property": {
      "type": "object",
      "title": "\u0027Property\u0027 object.",
      "description": "The \u0060Property\u0060 object.",
      "properties": {
        "name": {
          "type": "string",
          "title": "The property name."
        },
        "type": {
          "type": "string",
          "title": "The property type.",
          "description": "This is a more detailed description for the property type.",
          "enum": [
            "string",
            "int",
            "decimal"
          ]
        },
        "isNullable": {
          "type": "boolean",
          "title": "Indicates whether the property is nullable."
        },
        "count": {
          "type": "integer",
          "title": "Test out an integer."
        },
        "amount": {
          "type": "number",
          "title": "Test out a decimal."
        }
      },
      "required": [
        "name"
      ]
    }
  },
  "allOf": [
    {
      "$ref": "#/definitions/Entity"
    }
  ]
}